[    0.000000] Initializing cgroup subsys cpuset
[    0.000000] Initializing cgroup subsys cpu
[    0.000000] Initializing cgroup subsys cpuacct
[    0.000000] Linux version 4.4.0-157-generic (buildd@lgw01-amd64-037) (gcc version 5.4.0 20160609 (Ubuntu 5.4.0-6ubuntu1~16.04.10) ) #185-Ubuntu SMP Tue Jul 23 09:17:01 UTC 2019 (Ubuntu 4.4.0-157.185-generic 4.4.181)
[    0.000000] Command line: BOOT_IMAGE=/boot/vmlinuz-4.4.0-157-generic root=LABEL=cloudimg-rootfs ro console=tty1 console=ttyS0
[    0.000000] KERNEL supported cpus:
[    0.000000]   Intel GenuineIntel
[    0.000000]   AMD AuthenticAMD
[    0.000000]   Centaur CentaurHauls
[    0.000000] x86/fpu: Legacy x87 FPU detected.
[    0.000000] e820: BIOS-provided physical RAM map:
[    0.000000] BIOS-e820: [mem 0x0000000000000000-0x000000000009fbff] usable
[    0.000000] BIOS-e820: [mem 0x000000000009fc00-0x000000000009ffff] reserved
[    0.000000] BIOS-e820: [mem 0x00000000000f0000-0x00000000000fffff] reserved
[    0.000000] BIOS-e820: [mem 0x0000000000100000-0x000000002cfeffff] usable
[    0.000000] BIOS-e820: [mem 0x000000002cff0000-0x000000002cffffff] ACPI data
[    0.000000] BIOS-e820: [mem 0x00000000fec00000-0x00000000fec00fff] reserved
[    0.000000] BIOS-e820: [mem 0x00000000fee00000-0x00000000fee00fff] reserved
[    0.000000] BIOS-e820: [mem 0x00000000fffc0000-0x00000000ffffffff] reserved
[    0.000000] NX (Execute Disable) protection: active
[    0.000000] SMBIOS 2.5 present.
[    0.000000] Hypervisor detected: KVM
[    0.000000] e820: last_pfn = 0x2cff0 max_arch_pfn = 0x400000000
[    0.000000] MTRR: Disabled
[    0.000000] x86/PAT: MTRRs disabled, skipping PAT initialization too.
[    0.000000] CPU MTRRs all blank - virtualized system.
[    0.000000] x86/PAT: Configuration [0-7]: WB  WT  UC- UC  WB  WT  UC- UC  
[    0.000000] found SMP MP-table at [mem 0x0009fff0-0x0009ffff] mapped at [ffff88000009fff0]
[    0.000000] Scanning 1 areas for low memory corruption
[    0.000000] RAMDISK: [mem 0x2b895000-0x2c70ffff]
[    0.000000] ACPI: Early table checksum verification disabled
[    0.000000] ACPI: RSDP 0x00000000000E0000 000024 (v02 VBOX  )
[    0.000000] ACPI: XSDT 0x000000002CFF0030 00003C (v01 VBOX   VBOXXSDT 00000001 ASL  00000061)
[    0.000000] ACPI: FACP 0x000000002CFF00F0 0000F4 (v04 VBOX   VBOXFACP 00000001 ASL  00000061)
[    0.000000] ACPI: DSDT 0x000000002CFF0470 0021FF (v02 VBOX   VBOXBIOS 00000002 INTL 20180105)
[    0.000000] ACPI: FACS 0x000000002CFF0200 000040
[    0.000000] ACPI: FACS 0x000000002CFF0200 000040
[    0.000000] ACPI: APIC 0x000000002CFF0240 000054 (v02 VBOX   VBOXAPIC 00000001 ASL  00000061)
[    0.000000] ACPI: SSDT 0x000000002CFF02A0 0001CC (v01 VBOX   VBOXCPUT 00000002 INTL 20180105)
[    0.000000] No NUMA configuration found
[    0.000000] Faking a node at [mem 0x0000000000000000-0x000000002cfeffff]
[    0.000000] NODE_DATA(0) allocated [mem 0x2cfeb000-0x2cfeffff]
[    0.000000] kvm-clock: Using msrs 4b564d01 and 4b564d00
[    0.000000] kvm-clock: cpu 0, msr 0:2cfe3001, primary cpu clock
[    0.000000] kvm-clock: using sched offset of 5986220886 cycles
[    0.000000] clocksource: kvm-clock: mask: 0xffffffffffffffff max_cycles: 0x1cd42e4dffb, max_idle_ns: 881590591483 ns
[    0.000000] Zone ranges:
[    0.000000]   DMA      [mem 0x0000000000001000-0x0000000000ffffff]
[    0.000000]   DMA32    [mem 0x0000000001000000-0x000000002cfeffff]
[    0.000000]   Normal   empty
[    0.000000]   Device   empty
[    0.000000] Movable zone start for each node
[    0.000000] Early memory node ranges
[    0.000000]   node   0: [mem 0x0000000000001000-0x000000000009efff]
[    0.000000]   node   0: [mem 0x0000000000100000-0x000000002cfeffff]
[    0.000000] Initmem setup node 0 [mem 0x0000000000001000-0x000000002cfeffff]
[    0.000000] ACPI: PM-Timer IO Port: 0x4008
[    0.000000] IOAPIC[0]: apic_id 1, version 32, address 0xfec00000, GSI 0-23
[    0.000000] ACPI: INT_SRC_OVR (bus 0 bus_irq 0 global_irq 2 dfl dfl)
[    0.000000] ACPI: INT_SRC_OVR (bus 0 bus_irq 9 global_irq 9 low level)
[    0.000000] Using ACPI (MADT) for SMP configuration information
[    0.000000] smpboot: Allowing 1 CPUs, 0 hotplug CPUs
[    0.000000] PM: Registered nosave memory: [mem 0x00000000-0x00000fff]
[    0.000000] PM: Registered nosave memory: [mem 0x0009f000-0x0009ffff]
[    0.000000] PM: Registered nosave memory: [mem 0x000a0000-0x000effff]
[    0.000000] PM: Registered nosave memory: [mem 0x000f0000-0x000fffff]
[    0.000000] e820: [mem 0x2d000000-0xfebfffff] available for PCI devices
[    0.000000] Booting paravirtualized kernel on KVM
[    0.000000] clocksource: refined-jiffies: mask: 0xffffffff max_cycles: 0xffffffff, max_idle_ns: 7645519600211568 ns
[    0.000000] setup_percpu: NR_CPUS:512 nr_cpumask_bits:512 nr_cpu_ids:1 nr_node_ids:1
[    0.000000] PERCPU: Embedded 34 pages/cpu @ffff88002cc00000 s99544 r8192 d31528 u2097152
[    0.000000] Built 1 zonelists in Node order, mobility grouping on.  Total pages: 181304
[    0.000000] Policy zone: DMA32
[    0.000000] Kernel command line: BOOT_IMAGE=/boot/vmlinuz-4.4.0-157-generic root=LABEL=cloudimg-rootfs ro console=tty1 console=ttyS0
[    0.000000] PID hash table entries: 4096 (order: 3, 32768 bytes)
[    0.000000] Memory: 690668K/736824K available (8618K kernel code, 1335K rwdata, 4032K rodata, 1484K init, 1284K bss, 46156K reserved, 0K cma-reserved)
[    0.000000] SLUB: HWalign=64, Order=0-3, MinObjects=0, CPUs=1, Nodes=1
[    0.000000] Kernel/User page tables isolation: enabled
[    0.000000] Hierarchical RCU implementation.
[    0.000000] 	Build-time adjustment of leaf fanout to 64.
[    0.000000] 	RCU restricting CPUs from NR_CPUS=512 to nr_cpu_ids=1.
[    0.000000] RCU: Adjusting geometry for rcu_fanout_leaf=64, nr_cpu_ids=1
[    0.000000] NR_IRQS:33024 nr_irqs:256 16
[    0.000000] Console: colour VGA+ 80x25
[    0.000000] console [tty1] enabled
[    0.000000] console [ttyS0] enabled
[    0.000000] tsc: Detected 2992.498 MHz processor
[    0.395187] Calibrating delay loop (skipped) preset value.. 5984.99 BogoMIPS (lpj=11969992)
[    0.398187] pid_max: default: 32768 minimum: 301
[    0.399744] ACPI: Core revision 20150930
[    0.417557] ACPI: 2 ACPI AML tables successfully acquired and loaded
[    0.419790] Security Framework initialized
[    0.421242] Yama: becoming mindful.
[    0.453155] AppArmor: AppArmor initialized
[    0.454760] Dentry cache hash table entries: 131072 (order: 8, 1048576 bytes)
[    0.467265] Inode-cache hash table entries: 65536 (order: 7, 524288 bytes)
[    0.469549] Mount-cache hash table entries: 2048 (order: 2, 16384 bytes)
[    0.471577] Mountpoint-cache hash table entries: 2048 (order: 2, 16384 bytes)
[    0.474164] Initializing cgroup subsys io
[    0.475600] Initializing cgroup subsys memory
[    0.477151] Initializing cgroup subsys devices
[    0.478681] Initializing cgroup subsys freezer
[    0.480243] Initializing cgroup subsys net_cls
[    0.481763] Initializing cgroup subsys perf_event
[    0.483370] Initializing cgroup subsys net_prio
[    0.484915] Initializing cgroup subsys hugetlb
[    0.516420] Initializing cgroup subsys pids
[    0.517985] mce: CPU supports 0 MCE banks
[    0.519484] process: using mwait in idle threads
[    0.521044] Last level iTLB entries: 4KB 128, 2MB 4, 4MB 4
[    0.558366] Last level dTLB entries: 4KB 256, 2MB 0, 4MB 32, 1GB 0
[    0.560287] Spectre V2 : Mitigation: Full generic retpoline
[    0.562094] Spectre V2 : Spectre v2 / SpectreRSB mitigation: Filling RSB on context switch
[    0.564936] Speculative Store Bypass: Vulnerable
[    0.567287] MDS: Vulnerable: Clear CPU buffers attempted, no microcode
[    1.025738] Freeing SMP alternatives memory: 36K
[    1.074226] ftrace: allocating 32312 entries in 127 pages
[    1.182319] smpboot: APIC(0) Converting physical 0 to logical package 0
[    1.187029] smpboot: Max logical packages: 1
[    1.189120] x2apic enabled
[    1.190780] Switched APIC routing to physical x2apic.
[    1.194755] ..TIMER: vector=0x30 apic1=0 pin1=2 apic2=-1 pin2=-1
[    1.215824] APIC calibration not consistent with PM-Timer: 196ms instead of 100ms
[    1.236913] APIC delta adjusted to PM-Timer: 6249848 (12250648)
[    1.238840] smpboot: CPU0: Intel(R) Core(TM)2 Duo CPU     E8400  @ 3.00GHz (family: 0x6, model: 0x17, stepping: 0xa)
[    1.283333] Performance Events: unsupported p6 CPU model 23 no PMU driver, software events only.
[    1.412364] KVM setup paravirtual spinlock
[    1.415270] x86: Booted up 1 node, 1 CPUs
[    1.416721] smpboot: Total of 1 processors activated (5984.99 BogoMIPS)
[    1.419218] devtmpfs: initialized
[    1.422890] evm: security.selinux
[    1.424176] evm: security.SMACK64
[    1.425468] evm: security.SMACK64EXEC
[    1.426827] evm: security.SMACK64TRANSMUTE
[    1.428271] evm: security.SMACK64MMAP
[    1.429621] evm: security.ima
[    1.430803] evm: security.capability
[    1.432285] clocksource: jiffies: mask: 0xffffffff max_cycles: 0xffffffff, max_idle_ns: 7645041785100000 ns
[    1.435500] futex hash table entries: 256 (order: 2, 16384 bytes)
[    1.437518] pinctrl core: initialized pinctrl subsystem
[    1.439396] RTC time: 16:26:23, date: 08/22/19
[    1.441202] NET: Registered protocol family 16
[    1.442989] cpuidle: using governor ladder
[    1.444435] cpuidle: using governor menu
[    1.491413] PCCT header not found.
[    1.492749] ACPI: bus type PCI registered
[    1.494191] acpiphp: ACPI Hot Plug PCI Controller Driver version: 0.5
[    1.496302] PCI: Using configuration type 1 for base access
[    1.499634] ACPI: Added _OSI(Module Device)
[    1.515886] ACPI: Added _OSI(Processor Device)
[    1.517400] ACPI: Added _OSI(3.0 _SCP Extensions)
[    1.518992] ACPI: Added _OSI(Processor Aggregator Device)
[    1.521474] ACPI: Executed 1 blocks of module-level executable AML code
[    1.526039] ACPI: Interpreter enabled
[    1.527392] ACPI: (supports S0 S5)
[    1.528701] ACPI: Using IOAPIC for interrupt routing
[    1.530520] PCI: Using host bridge windows from ACPI; if necessary, use "pci=nocrs" and report a bug
[    1.537999] ACPI: PCI Root Bridge [PCI0] (domain 0000 [bus 00-ff])
[    1.539916] acpi PNP0A03:00: _OSC: OS supports [ASPM ClockPM Segments MSI]
[    1.542017] acpi PNP0A03:00: _OSC: not requesting OS control; OS requires [ExtendedConfig ASPM ClockPM MSI]
[    1.545227] acpi PNP0A03:00: fail to add MMCONFIG information, can't access extended PCI configuration space under this bridge.
[    1.549129] PCI host bridge to bus 0000:00
[    1.550575] pci_bus 0000:00: root bus resource [io  0x0000-0x0cf7 window]
[    1.552647] pci_bus 0000:00: root bus resource [io  0x0d00-0xffff window]
[    1.554702] pci_bus 0000:00: root bus resource [mem 0x000a0000-0x000bffff window]
[    1.557363] pci_bus 0000:00: root bus resource [mem 0x2d000000-0xfdffffff window]
[    1.560027] pci_bus 0000:00: root bus resource [bus 00-ff]
[    1.594633] pci 0000:00:01.1: legacy IDE quirk: reg 0x10: [io  0x01f0-0x01f7]
[    1.596770] pci 0000:00:01.1: legacy IDE quirk: reg 0x14: [io  0x03f6]
[    1.598768] pci 0000:00:01.1: legacy IDE quirk: reg 0x18: [io  0x0170-0x0177]
[    1.600896] pci 0000:00:01.1: legacy IDE quirk: reg 0x1c: [io  0x0376]
[    1.622800] pci 0000:00:07.0: quirk: [io  0x4000-0x403f] claimed by PIIX4 ACPI
[    1.627724] pci 0000:00:07.0: quirk: [io  0x4100-0x410f] claimed by PIIX4 SMB
[    1.636468] ACPI: PCI Interrupt Link [LNKA] (IRQs 5 9 10 *11)
[    1.639217] ACPI: PCI Interrupt Link [LNKB] (IRQs 5 9 *10 11)
[    1.641725] ACPI: PCI Interrupt Link [LNKC] (IRQs 5 *9 10 11)
[    1.696151] ACPI: PCI Interrupt Link [LNKD] (IRQs 5 9 10 *11)
[    1.698729] ACPI: Enabled 2 GPEs in block 00 to 07
[    1.701312] vgaarb: setting as boot device: PCI:0000:00:02.0
[    1.703115] vgaarb: device added: PCI:0000:00:02.0,decodes=io+mem,owns=io+mem,locks=none
[    1.705961] vgaarb: loaded
[    1.707088] vgaarb: bridge control possible 0000:00:02.0
[    1.709436] SCSI subsystem initialized
[    1.711198] ACPI: bus type USB registered
[    1.726182] usbcore: registered new interface driver usbfs
[    1.739806] usbcore: registered new interface driver hub
[    1.742358] usbcore: registered new device driver usb
[    1.745141] PCI: Using ACPI for IRQ routing
[    1.748293] NetLabel: Initializing
[    1.750055] NetLabel:  domain hash size = 128
[    1.752200] NetLabel:  protocols = UNLABELED CIPSOv4
[    1.754595] NetLabel:  unlabeled traffic allowed by default
[    1.757672] amd_nb: Cannot enumerate AMD northbridges
[    1.760371] clocksource: Switched to clocksource kvm-clock
[    1.804411] AppArmor: AppArmor Filesystem Enabled
[    1.806957] pnp: PnP ACPI init
[    1.809294] pnp: PnP ACPI: found 3 devices
[    1.819974] clocksource: acpi_pm: mask: 0xffffff max_cycles: 0xffffff, max_idle_ns: 2085701024 ns
[    1.823121] NET: Registered protocol family 2
[    1.825136] TCP established hash table entries: 8192 (order: 4, 65536 bytes)
[    1.827305] TCP bind hash table entries: 8192 (order: 5, 131072 bytes)
[    1.829375] TCP: Hash tables configured (established 8192 bind 8192)
[    1.831406] UDP hash table entries: 512 (order: 2, 16384 bytes)
[    1.833310] UDP-Lite hash table entries: 512 (order: 2, 16384 bytes)
[    1.835422] NET: Registered protocol family 1
[    1.846524] pci 0000:00:00.0: Limiting direct PCI/PCI transfers
[    1.848464] pci 0000:00:01.0: Activating ISA DMA hang workarounds
[    1.850648] Unpacking initramfs...
[    2.225266] Freeing initrd memory: 14828K
[    2.256876] clocksource: tsc: mask: 0xffffffffffffffff max_cycles: 0x2b2296bc2b9, max_idle_ns: 440795321505 ns
[    2.260197] platform rtc_cmos: registered platform RTC device (no PNP device found)
[    2.263044] Scanning for low memory corruption every 60 seconds
[    2.265352] audit: initializing netlink subsys (disabled)
[    2.267131] audit: type=2000 audit(1566491190.922:1): initialized
[    2.269410] Initialise system trusted keyring
[    2.271117] HugeTLB registered 2 MB page size, pre-allocated 0 pages
[    2.278244] zbud: loaded
[    2.279663] VFS: Disk quotas dquot_6.6.0
[    2.281138] VFS: Dquot-cache hash table entries: 512 (order 0, 4096 bytes)
[    2.283553] squashfs: version 4.0 (2009/01/31) Phillip Lougher
[    2.321873] fuse init (API version 7.23)
[    2.323470] Key type big_key registered
[    2.324921] Allocating IMA MOK and blacklist keyrings.
[    2.327085] Key type asymmetric registered
[    2.328595] Asymmetric key parser 'x509' registered
[    2.330263] Block layer SCSI generic (bsg) driver version 0.4 loaded (major 249)
[    2.332963] io scheduler noop registered
[    2.334418] io scheduler deadline registered (default)
[    2.346215] io scheduler cfq registered
[    2.347799] pci_hotplug: PCI Hot Plug PCI Core version: 0.5
[    2.349642] pciehp: PCI Express Hot Plug Controller Driver version: 0.4
[    2.351910] ACPI: AC Adapter [AC] (on-line)
[    2.353511] input: Power Button as /devices/LNXSYSTM:00/LNXPWRBN:00/input/input0
[    2.356171] ACPI: Power Button [PWRF]
[    2.357637] input: Sleep Button as /devices/LNXSYSTM:00/LNXSLPBN:00/input/input1
[    2.360297] ACPI: Sleep Button [SLPF]
[    2.361963] GHES: HEST is not enabled!
[    2.363473] Serial: 8250/16550 driver, 32 ports, IRQ sharing enabled
[    2.388836] 00:02: ttyS0 at I/O 0x3f8 (irq = 4, base_baud = 115200) is a 16550A
[    2.423296] Linux agpgart interface v0.103
[    2.426202] loop: module loaded
[    2.428216] scsi host0: ata_piix
[    2.429636] scsi host1: ata_piix
[    2.430930] ata1: PATA max UDMA/33 cmd 0x1f0 ctl 0x3f6 bmdma 0xd000 irq 14
[    2.433011] ata2: PATA max UDMA/33 cmd 0x170 ctl 0x376 bmdma 0xd008 irq 15
[    2.435837] libphy: Fixed MDIO Bus: probed
[    2.437308] tun: Universal TUN/TAP device driver, 1.6
[    2.438975] tun: (C) 1999-2004 Max Krasnyansky <maxk@qualcomm.com>
[    2.440981] PPP generic driver version 2.4.2
[    2.442563] ehci_hcd: USB 2.0 'Enhanced' Host Controller (EHCI) Driver
[    2.444586] ehci-pci: EHCI PCI platform driver
[    2.446177] ehci-platform: EHCI generic platform driver
[    2.447900] ohci_hcd: USB 1.1 'Open' Host Controller (OHCI) Driver
[    2.449894] ohci-pci: OHCI PCI platform driver
[    2.451441] ohci-platform: OHCI generic platform driver
[    2.453199] uhci_hcd: USB Universal Host Controller Interface driver
[    2.455242] i8042: PNP: PS/2 Controller [PNP0303:PS2K,PNP0f03:PS2M] at 0x60,0x64 irq 1,12
[    2.458811] serio: i8042 KBD port at 0x60,0x64 irq 1
[    2.460477] serio: i8042 AUX port at 0x60,0x64 irq 12
[    2.462282] mousedev: PS/2 mouse device common for all mice
[    2.464608] input: AT Translated Set 2 keyboard as /devices/platform/i8042/serio0/input/input2
[    2.467963] rtc_cmos rtc_cmos: rtc core: registered rtc_cmos as rtc0
[    2.470225] rtc_cmos rtc_cmos: alarms up to one day, 114 bytes nvram
[    2.472224] i2c /dev entries driver
[    2.473639] device-mapper: uevent: version 1.0.3
[    2.475295] device-mapper: ioctl: 4.34.0-ioctl (2015-10-28) initialised: dm-devel@redhat.com
[    2.478230] ledtrig-cpu: registered to indicate activity on CPUs
[    2.480467] NET: Registered protocol family 10
[    2.482416] NET: Registered protocol family 17
[    2.483981] Key type dns_resolver registered
[    2.485805] registered taskstats version 1
[    2.487283] Loading compiled-in X.509 certificates
[    2.489836] Loaded X.509 cert 'Build time autogenerated kernel key: 3e01e6df98386236d59670e6b2ed19a044d5324e'
[    2.528690] zswap: loaded using pool lzo/zbud
[    2.548253] Key type trusted registered
[    2.572788] Key type encrypted registered
[    2.574423] AppArmor: AppArmor sha1 policy hashing enabled
[    2.576253] ima: No TPM chip found, activating TPM-bypass!
[    2.578053] ima: Allocated hash algorithm: sha1
[    2.579656] evm: HMAC attrs: 0x1
[    2.581298]   Magic number: 15:736:439
[    2.582799] rtc_cmos rtc_cmos: setting system clock to 2019-08-22 16:26:24 UTC (1566491184)
[    2.585793] BIOS EDD facility v0.16 2004-Jun-25, 0 devices found
[    2.587680] EDD information not available.
[    2.594303] Freeing unused kernel memory: 1484K
[    2.640408] Write protecting the kernel read-only data: 14336k
[    2.654656] Freeing unused kernel memory: 1612K
[    2.656480] Freeing unused kernel memory: 64K
Loading, please wait...
starting version[    2.803500] random: systemd-udevd: uninitialized urandom read (16 bytes read, 3 bits of entropy available)
 229
[    2.894247] random: udevadm: uninitialized urandom read (16 bytes read, 3 bits of entropy available)
[    2.899386] random: udevadm: uninitialized urandom read (16 bytes read, 3 bits of entropy available)
[    2.965798] random: systemd-udevd: uninitialized urandom read (16 bytes read, 3 bits of entropy available)
[    2.975095] random: systemd-udevd: uninitialized urandom read (16 bytes read, 3 bits of entropy available)
[    2.978398] random: systemd-udevd: uninitialized urandom read (16 bytes read, 3 bits of entropy available)
[    2.998692] random: systemd-udevd: uninitialized urandom read (16 bytes read, 3 bits of entropy available)
[    3.005124] random: systemd-udevd: uninitialized urandom read (16 bytes read, 3 bits of entropy available)
[    3.008350] random: systemd-udevd: uninitialized urandom read (16 bytes read, 3 bits of entropy available)
[    3.047380] random: systemd-udevd: uninitialized urandom read (16 bytes read, 3 bits of entropy available)
[    3.581277] Fusion MPT base driver 3.04.20
[    3.606530] Copyright (c) 1999-2008 LSI Corporation
[    3.612327] e1000: Intel(R) PRO/1000 Network Driver - version 7.3.21-k8-NAPI
[    3.614538] e1000: Copyright (c) 1999-2006 Intel Corporation.
[    3.822280] Fusion MPT SPI Host driver 3.04.20
[    3.887334] input: ImExPS/2 Generic Explorer Mouse as /devices/platform/i8042/serio1/input/input4
[    4.569170] e1000 0000:00:03.0 eth0: (PCI:33MHz:32-bit) 02:46:62:72:a1:53
[    4.577152] e1000 0000:00:03.0 eth0: Intel(R) PRO/1000 Network Connection
[    4.589553] e1000 0000:00:03.0 enp0s3: renamed from eth0
[    4.591621] mptbase: ioc0: Initiating bringup
[    4.656904] ioc0: LSI53C1030 A0: Capabilities={Initiator}
[    4.817895] scsi host2: ioc0: LSI53C1030 A0, FwRev=00000000h, Ports=1, MaxQ=256, IRQ=20
[    4.929533] scsi 2:0:0:0: Direct-Access     VBOX     HARDDISK         1.0  PQ: 0 ANSI: 5
[    4.947003] scsi target2:0:0: Beginning Domain Validation
[    4.949671] scsi target2:0:0: Domain Validation skipping write tests
[    4.951680] scsi target2:0:0: Ending Domain Validation
[    4.953449] scsi target2:0:0: asynchronous
[    4.955246] scsi 2:0:1:0: Direct-Access     VBOX     HARDDISK         1.0  PQ: 0 ANSI: 5
[    4.958050] scsi target2:0:1: Beginning Domain Validation
[    4.960818] scsi target2:0:1: Domain Validation skipping write tests
[    4.962753] scsi target2:0:1: Ending Domain Validation
[    4.964498] scsi target2:0:1: asynchronous
[    4.980955] sd 2:0:0:0: Attached scsi generic sg0 type 0
[    4.982732] sd 2:0:0:0: [sda] 20971520 512-byte logical blocks: (10.7 GB/10.0 GiB)
[    4.985971] sd 2:0:1:0: [sdb] 20480 512-byte logical blocks: (10.5 MB/10.0 MiB)
[    4.989788] sd 2:0:1:0: Attached scsi generic sg1 type 0
[    4.992512] sd 2:0:1:0: [sdb] Write Protect is off
[    4.994163] sd 2:0:0:0: [sda] Write Protect is off
[    4.996219] sd 2:0:0:0: [sda] Incomplete mode parameter data
[    5.019658] sd 2:0:0:0: [sda] Assuming drive cache: write through
[    5.021582] sd 2:0:1:0: [sdb] Incomplete mode parameter data
[    5.023408] sd 2:0:1:0: [sdb] Assuming drive cache: write through
[    5.060755]  sda: sda1
[    5.098334] sd 2:0:0:0: [sda] Attached SCSI disk
[    5.103764] sd 2:0:1:0: [sdb] Attached SCSI disk
Begin: Loading essential drivers ... [    7.835205] md: linear personality registered for level -1
[    7.865300] md: multipath personality registered for level -4
[    7.920679] md: raid0 personality registered for level 0
[    7.943261] md: raid1 personality registered for level 1
[    8.055043] raid6: sse2x1   gen()  3209 MB/s
[    8.135034] raid6: sse2x1   xor()  2565 MB/s
[    8.230482] raid6: sse2x2   gen()  4222 MB/s
[    8.297059] raid6: sse2x2   xor()  5881 MB/s
[    8.405051] raid6: sse2x4   gen()  6836 MB/s
[    8.485035] raid6: sse2x4   xor()  5497 MB/s
[    8.486618] raid6: using algorithm sse2x4 gen() 6836 MB/s
[    8.488469] raid6: .... xor() 5497 MB/s, rmw enabled
[    8.490206] raid6: using ssse3x2 recovery algorithm
[    8.555274] xor: measuring software checksum speed
[    8.695036]    prefetch64-sse: 30105.000 MB/sec
[    8.825062]    generic_sse: 26725.000 MB/sec
[    8.857064] xor: using function: prefetch64-sse (30105.000 MB/sec)
[    8.875219] async_tx: api initialized (async)
[    8.960676] md: raid6 personality registered for level 6
[    8.966705] md: raid5 personality registered for level 5
[    8.968436] md: raid4 personality registered for level 4
[    9.082765] md: raid10 personality registered for level 10
done.
Begin: Running /scripts/init-premount ... done.
Begin: Mounting root file system ... Begin: Running /scripts/local-top ... done.
Begin: Running /scripts/local-premount ... [    9.316493] Btrfs loaded
Scanning for Btrfs filesystems
done.
Warning: fsck not present, so skipping root file system
[    9.718445] EXT4-fs (sda1): mounted filesystem with ordered data mode. Opts: (null)
done.
Begin: Running /scripts/local-bottom ... done.
Begin: Running /scripts/init-bottom ... done.
[   10.573065] systemd[1]: systemd 229 running in system mode. (+PAM +AUDIT +SELINUX +IMA +APPARMOR +SMACK +SYSVINIT +UTMP +LIBCRYPTSETUP +GCRYPT +GNUTLS +ACL +XZ -LZ4 +SECCOMP +BLKID +ELFUTILS +KMOD -IDN)
[   10.609205] systemd[1]: Detected virtualization oracle.
[   10.610928] systemd[1]: Detected architecture x86-64.

Welcome to [1mUbuntu 16.04.6 LTS[0m!

[   10.632350] systemd[1]: Set hostname to <ubuntu>.
[   10.652517] systemd[1]: Initializing machine ID from random generator.
[   10.654689] systemd[1]: Installed transient /etc/machine-id file.
[   10.677318] random: nonblocking pool is initialized
[   11.699393] systemd[1]: Listening on Journal Audit Socket.
[[0;32m  OK  [0m] Listening on Journal Audit Socket.
[   11.729129] systemd[1]: Listening on Journal Socket.
[[0;32m  OK  [0m] Listening on Journal Socket.
[   11.748788] systemd[1]: Listening on udev Kernel Socket.
[[0;32m  OK  [0m] Listening on udev Kernel Socket.
[   11.758549] systemd[1]: Reached target Swap.
[[0;32m  OK  [0m] Reached target Swap.
[   11.778183] systemd[1]: Listening on udev Control Socket.
[[0;32m  OK  [0m] Listening on udev Control Socket.
[   11.783498] systemd[1]: Created slice System Slice.
[[0;32m  OK  [0m] Created slice System Slice.
[   11.791423] systemd[1]: Starting Create list of required static device nodes for the current kernel...
         Starting Create list of required st... nodes for the current kernel...
[   11.803835] systemd[1]: Created slice system-serial\x2dgetty.slice.
[[0;32m  OK  [0m] Created slice system-serial\x2dgetty.slice.
[   11.810603] systemd[1]: Created slice User and Session Slice.
[[0;32m  OK  [0m] Created slice User and Session Slice.
[   11.814976] systemd[1]: Listening on Device-mapper event daemon FIFOs.
[[0;32m  OK  [0m] Listening on Device-mapper event daemon FIFOs.
[   11.892507] systemd[1]: Starting Set console keymap...
         Starting Set console keymap...
[   11.919429] systemd[1]: Listening on Journal Socket (/dev/log).
[[0;32m  OK  [0m] Listening on Journal Socket (/dev/log).
[   11.961770] systemd[1]: Set up automount Arbitrary Executable File Formats File System Automount Point.
[[0;32m  OK  [0m] Set up automount Arbitrary Executab...ats File System Automount Point.
[   11.987452] systemd[1]: Started Trigger resolvconf update for networkd DNS.
[[0;32m  OK  [0m] Started Trigger resolvconf update for networkd DNS.
[   12.057854] systemd[1]: Reached target Encrypted Volumes.
[[0;32m  OK  [0m] Reached target Encrypted Volumes.
[   12.072924] systemd[1]: Starting Load Kernel Modules...
         Starting Load Kernel Modules...
[   12.122701] systemd[1]: Mounting Huge Pages File System...
         Mounting Huge Pages File System...
[   12.226169] systemd[1]: Reached target User and Group Name Lookups.
[[0;32m  OK  [0m] Reached target User and Group Name Lookups.
[   12.265984] systemd[1]: Reached target Slices.
[[0;32m  OK  [0m[   12.273273] Loading iSCSI transport class v2.0-870.
] Reached target Slices.
[   12.276364] systemd[1]: Listening on LVM2 poll daemon socket.
[[0;32m  OK  [0m] Listening on LVM2 poll daemon socket.
[   12.284618] systemd[1]: Starting Remount Root and Kernel File Systems...
         Starting Remount Root and Kernel File Systems...
[   12.376033] systemd[1]: Listening on Syslog Socket.
[[0;32m  OK  [0m] Listening on Syslog Socket.
[   12.387213] systemd[1]: Starting Journal Service...
         Starting Journal Service...
[   12.408301] systemd[1]: Starting Nameserver information manager...
         Starting Nameserver information manager...
[   12.416728] systemd[1]: Listening on /dev/initctl Compatibility Named Pipe.
[[0;32m  OK  [0m] Listening on /dev/initctl Compatibility Named Pipe.
[   12.421694] systemd[1]: Listening on LVM2 metadata daemon socket.
[[0;32m  OK  [0m] Listening on LVM2 metadata daemon socket.
[   12.439556] systemd[1]: Starting Monitoring of LVM2 mirrors, snapshots etc. using dmeventd or progress polling...
[   12.522829] EXT4-fs (sda1): re-mounted. Opts: (null)
         Starting Monitoring of LVM2 mirrors... dmeventd or progress polling...
[   12.591440] systemd[1]: Mounting Debug File System...
         Mounting Debug File System...
[   12.635701] systemd[1]: Started Forward Password Requests to Wall Directory Watch.
[[0;32m  OK  [0m] Started Forward Password Requests to Wall Directory Watch.
[   12.788789] systemd[1]: Mounting POSIX Message Queue File System...
[   12.792858] iscsi: registered transport (tcp)
         Mounting POSIX Message Queue File System...
[   12.809573] systemd[1]: Reached target System Time Synchronized.
[[0;32m  OK  [0m] Reached target System Time Synchronized.
[   12.841146] systemd[1]: Starting Uncomplicated firewall...
         Starting Uncomplicated firewall...
[   13.061490] systemd[1]: Mounted Debug File System.
[[0;32m  OK  [0m] Mounted Debug File System.
[   13.145592] systemd[1]: Mounted POSIX Message Queue File System.
[[0;32m  OK  [0m] Mounted POSIX Message Queue File System.
[   13.152032] systemd[1]: Mounted Huge Pages File System.
[[0;32m  OK  [0m] Mounted Huge Pages File System.
[   13.161168] systemd[1]: Started Journal Service.
[   13.218922] iscsi: registered transport (iser)
[[0;32m  OK  [0m] Started Journal Service.
[[0;32m  OK  [0m] Started Create list of required sta...ce nodes for the current kernel.
[[0;32m  OK  [0m] Started Set console keymap.
[[0;32m  OK  [0m] Started Load Kernel Modules.
[[0;32m  OK  [0m] Started Remount Root and Kernel File Systems.
[[0;32m  OK  [0m] Started Uncomplicated firewall.
[[0;32m  OK  [0m] Started Nameserver information manager.
[[0;32m  OK  [0m] Started LVM2 metadata daemon.
         Starting udev Coldplug all Devices...
         Starting Load/Save Random Seed...
         Mounting FUSE Control File System...
         Starting Apply Kernel Variables...
         Starting Create Static Device Nodes in /dev...
         Starting Flush Journal to Persistent Storage...
[[0;32m  OK  [0m] Mounted FUSE Control File System.
[[0;32m  OK  [0m] Started Apply Kernel Variables.
[[0;32m  OK  [0m] Started Flush Journal to Persistent Storage.
[[0;32m  OK  [0m] Started Monitoring of LVM2 mirrors,...ng dmeventd or progress polling.
[[0;32m  OK  [0m] Started Load/Save Random Seed.
[[0;32m  OK  [0m] Started Create Static Device Nodes in /dev.
         Starting udev Kernel Device Manager...
[[0;32m  OK  [0m] Reached target Local File Systems (Pre).
[[0;32m  OK  [0m] Reached target Local File Systems.
         Starting Initial cloud-init job (pre-networking)...
         Starting LSB: AppArmor initialization...
         Starting Set console font and keymap...
         Starting Commit a transient machine-id on disk...
         Starting Create Volatile Files and Directories...
         Starting Tell Plymouth To Write Out Runtime Data...
[[0;32m  OK  [0m] Started Commit a transient machine-id on disk.
[[0;32m  OK  [0m] Started Tell Plymouth To Write Out Runtime Data.
[[0;32m  OK  [0m] Started Create Volatile Files and Directories.
         Starting Update UTMP about System Boot/Shutdown...
[[0;32m  OK  [0m] Started udev Kernel Device Manager.
[[0;32m  OK  [0m] Started Update UTMP about System Boot/Shutdown.
[[0;32m  OK  [0m] Started udev Coldplug all Devices.
[[0;32m  OK  [0m] Started Dispatch Password Requests to Console Directory Watch.
[[0;32m  OK  [0m] Found device /dev/ttyS0.
[[0;32m  OK  [0m] Listening on Load/Save RF Kill Switch Status /dev/rfkill Watch.
[[0;32m  OK  [0m] Started LSB: AppArmor initialization.
[   25.848085] cloud-init[458]: Cloud-init v. 19.1-1-gbaa47854-0ubuntu1~16.04.1 running 'init-local' at Thu, 22 Aug 2019 16:26:45 +0000. Up 22.24 seconds.
[[0;32m  OK  [0m] Started Initial cloud-init job (pre-networking).
[[0;32m  OK  [0m] Reached target Network (Pre).
         Starting Raise network interfaces...
[[0;32m  OK  [0m] Started Set console font and keymap.
[[0;32m  OK  [0m] Created slice system-getty.slice.
[[0;32m  OK  [0m] Started Raise network interfaces.
         Starting Initial cloud-init job (metadata service crawler)...
[[0;32m  OK  [0m] Reached target Network.
[   33.954365] cloud-init[941]: Cloud-init v. 19.1-1-gbaa47854-0ubuntu1~16.04.1 running 'init' at Thu, 22 Aug 2019 16:26:53 +0000. Up 30.64 seconds.
[   34.024240] cloud-init[941]: ci-info: ++++++++++++++++++++++++++++++++++++++Net device info++++++++++++++++++++++++++++++++++++++
[   34.044273] cloud-init[941]: ci-info: +--------+------+----------------------------+---------------+--------+-------------------+
[   34.049880] cloud-init[941]: ci-info: | Device |  Up  |          Address           |      Mask     | Scope  |     Hw-Address    |
[   34.061534] cloud-init[941]: ci-info: +--------+------+----------------------------+---------------+--------+-------------------+
[   34.073553] cloud-init[941]: ci-info: | enp0s3 | True |         10.0.2.15          | 255.255.255.0 | global | 02:46:62:72:a1:53 |
[   34.089453] cloud-init[941]: ci-info: | enp0s3 | True | fe80::46:62ff:fe72:a153/64 |       .       |  link  | 02:46:62:72:a1:53 |
[   34.101705] cloud-init[941]: ci-info: |   lo   | True |         127.0.0.1          |   255.0.0.0   |  host  |         .         |
[   34.132257] cloud-init[941]: ci-info: |   lo   | True |          ::1/128           |       .       |  host  |         .         |
[   34.140796] cloud-init[941]: ci-info: +--------+------+----------------------------+---------------+--------+-------------------+
[   34.157748] cloud-init[941]: ci-info: +++++++++++++++++++++++++++Route IPv4 info++++++++++++++++++++++++++++
[   34.188833] cloud-init[941]: ci-info: +-------+-------------+----------+---------------+-----------+-------+
[   34.233952] cloud-init[941]: ci-info: | Route | Destination | Gateway  |    Genmask    | Interface | Flags |
[   34.309880] cloud-init[941]: ci-info: +-------+-------------+----------+---------------+-----------+-------+
[[0;32m  OK  [0m] Started Initial cloud-init job (metadata service crawler).
[   34.317358] cloud-init[941]: ci-info: |   0   |   0.0.0.0   | 10.0.2.2 |    0.0.0.0    |   enp0s3  |   UG  |
[   34.332130] cloud-init[941]: ci-info: |   1   |   10.0.2.0  | 0.0.0.0  | 255.255.255.0 |   enp0s3  |   U   |
[[0;32m  OK  [0m] Reached target System Initialization.
[   34.337612] cloud-init[941]: ci-info: +-------+-------------+----------+---------------+-----------+-------+
[[0;32m  OK  [0m] Listening on ACPID Listen Socket.
[   34.356047] cloud-init[941]: ci-info: +++++++++++++++++++Route IPv6 info+++++++++++++++++++[[0;32m  OK  [0m] Started Daily apt download activities.
[
[   34.365169] cloud-init[941]: ci-info: +-------+-------------+---------+-----------+-------+[0;32m  OK  [0m] Started Daily apt upgrade and clean activities.
[[0;32m  OK  [0m] Listening on D-Bus System Message Bus Socket.
[   34.373627] cloud-init[941]: ci-info: | Route | Destination | Gateway | Interface | Flags |
[[0;32m  OK  [0m] Started Daily Cleanup of Temporary Directories.
[[0;32m  OK  [0m
[   34.380988] cloud-init[941]: ci-info: +-------+-------------+---------+-----------+-------+
[   34.384436] cloud-init[941]: ci-info: |   0   |  fe80::/64  |    ::   |   enp0s3  |   U   |] Reached target Timers.
[[0;32m  OK  [0m] Listening on UUID daemon activation socket.

[   34.393837] cloud-init[941]: ci-info: |   4   |   ff00::/8  |    ::   |   enp0s3  |   U   |
[   34.398773] cloud-init[941]: ci-info: +-------+-------------+---------+-----------+-------+
[   34.404034] cloud-init[941]: Generating public/private rsa key pair.         Starting LXD - unix socket.

[   34.411907] cloud-init[941]: Your identification has been saved in /etc/ssh/ssh_host_rsa_key.
[   34.422208] cloud-init[941]: Your public key has been saved in /etc/ssh/ssh_host_rsa_key.pub.
[   34.443258] cloud-init[941]: The key fingerprint is:
[   34.452746] cloud-init[941]: SHA256:dbq39N/TauNSACXn2YSbpOCJeDHDwtjDSVwsYELcb6k root@ubuntu-xenial[[0;32m  OK  [0m] Started ACPI Events Check.
[[0;32m  OK  [0m] Reached target Paths.
         
[   34.465824] cloud-init[941]: The key's randomart image is:
[   34.468310] cloud-init[941]: +---[RSA 2048]----+
[   34.470462] cloud-init[941]: |+.+O.=.   ..o..  |Starting Socket activation for snappy daemon.
[
[   34.476796] cloud-init[941]: | +..X * . .+o+   |
[   34.478370] cloud-init[941]: |    .=.* o.++o.  |
[   34.478865] cloud-init[941]: |    .+o o..o+    |
[   34.479088] cloud-init[941]: |    o.  S .  .   |
[   34.479332] cloud-init[941]: |   E       .  .  |
[   34.479593] cloud-init[941]: |          . o.  .|
[   34.479819] cloud-init[941]: |           o.oo.o|
[   34.480048] cloud-init[941]: |            .++++|
[   34.480293] cloud-init[941]: +----[SHA256]-----+
[   34.480560] cloud-init[941]: Generating public/private dsa key pair.
[   34.480777] cloud-init[941]: Your identification has been saved in /etc/ssh/ssh_host_dsa_key.
[   34.481003] cloud-init[941]: Your public key has been saved in /etc/ssh/ssh_host_dsa_key.pub.
[   34.481215] cloud-init[941]: The key fingerprint is:
[   34.481431] cloud-init[941]: SHA256:X/EbDC7d10YgJYh0PQY844SM30FSFIuCTmGB8w6S0Tg root@ubuntu-xenial
[   34.481651] cloud-init[941]: The key's randomart image is:
[   34.481866] cloud-init[941]: +---[DSA 1024]----+
[   34.482084] cloud-init[941]: | o .+. +oBB=o.o  |
[   34.482299] cloud-init[941]: |E +. o. ++B.+o . |
[   34.482511] cloud-init[941]: | + oo ...+.=o.  .|
[0;32m  OK  [0m] Reached target Network is Online.
[   34.484477] cloud-init[941]: |o .o.  .. oo * ..|         Starting iSCSI initiator daemon (iscsid)...
[[0;32m  OK  [0m] Reached target Cloud-config availability.
[[0;32m  OK  [0m] Listening on LXD - unix socket.
[[0;32m  OK  [0m] Listening on Socket activation for snappy daemon.
[[0;32m  OK  [0m] Reached target Sockets.
[[0;32m  OK  [0m] Reached target Basic System.

         Starting LXD - container startup/shutdown...
[   34.581286] cloud-init[941]: | . o.   S . + = +|
[   34.599619] cloud-init[941]: |    .    . o   = |
[   34.673109] cloud-init[941]: |          .   .  |
         Starting Pollinate to seed the pseudo random number generator...
[   34.710018] cloud-init[941]: |                 |
[   34.792913] cloud-init[941]: |                 |
[[0;32m  OK  [0m] Started Regular background program processing daemon.
[   34.796052] cloud-init[941]: +----[SHA256]-----+
[   34.905159] cloud-init[941]: Generating public/private ecdsa key pair.
         Starting Virtualbox guest utils...
[   34.938246] cloud-init[941]: Your identification has been saved in /etc/ssh/ssh_host_ecdsa_key.[[0;32m  OK  [0m] Started FUSE filesystem for LXC.

         Starting /etc/rc.local Compatibility...
[   35.008334] cloud-init[941]: Your public key has been saved in /etc/ssh/ssh_host_ecdsa_key.pub.
[   35.103430] cloud-init[941]: The key fingerprint is:
[   35.113173] cloud-init[941]: SHA256:h8iAokgkkxuMalSTzOS3q8OlDXt5SJOZAqhiX3T0Z+E root@ubuntu-xenial
[   35.124764]          Starting Snappy daemon...
cloud-init[941]: The key's randomart image is:
[[0;32m  OK  [0m] Started ACPI event daemon.
         Starting Login Service...
[   35.230639] cloud-init[941]: +---[ECDSA 256]---+
[   35.373660] cloud-init[941]: |=o=+.            |         Starting System Logging Service...
         Starting Accounts Service...
[[0;32m  OK  [0m] Started Deferred execution scheduler.
[[0;32m  OK  [0m] Started D-Bus System Message Bus.

[   35.636180] cloud-init[941]: |*+.=.  .   .     |
[   35.696531] cloud-init[941]: |=+..... . . .    |
[   35.698683] cloud-init[941]: |B+  .+.o o E     |
[   35.711526] cloud-init[941]: |= . ..B S +      |
[   35.724622] cloud-init[941]: |o. o O.  .       |
[   35.726790] cloud-init[941]: |o o X.+          |
[   35.729008] cloud-init[941]: |   *.= .         |
[   35.778485] cloud-init[941]: |   .o .          |
[   35.782249] cloud-init[941]: +----[SHA256]-----+
[   35.784776] cloud-init[941]: Generating public/private ed25519 key pair.
[   35.792221] cloud-init[941]: Your identification has been saved in /etc/ssh/ssh_host_ed25519_key.
[   35.798924] cloud-init[941]: Your public key has been saved in /etc/ssh/ssh_host_ed25519_key.pub.
[   35.804174] cloud-init[941]: The key fingerprint is:
[   35.808490] cloud-init[941]: SHA256:rBw0b1UURFLJcAMBjtn10xgUV/fL4aeddsc8fCi7VCU root@ubuntu-xenial
[   35.811464] cloud-init[941]: The key's randomart image is:
[   35.814559] cloud-init[941]: +--[ED25519 256]--+
[   35.818068] cloud-init[941]: |        ..*@&+..o|
[   35.821494] cloud-init[941]: |       = . =o*  o|
[   35.833925] cloud-init[941]: |      = o . + E.o|
[   35.837240] cloud-init[941]: |     . + .   .ooo|
[   35.844697] cloud-init[941]: |      . S     .+.|
[   35.861834] cloud-init[941]: |     . +     ..*o|
[   35.911721] cloud-init[941]: |      o     o o=B|
[   35.918184] cloud-init[941]: |           . o. =|
[   35.922608] cloud-init[941]: |            o.   |
[   35.926182] cloud-init[941]: +----[SHA256]-----+
         Starting LSB: Record successful boot for GRUB...
         Starting LSB: MD monitoring daemon...
[[0;32m  OK  [0m] Started System Logging Service.
[[0;32m  OK  [0m] Started /etc/rc.local Compatibility.
[[0;32m  OK  [0m] Started Login Service.
[[0;32m  OK  [0m] Started Unattended Upgrades Shutdown.
[[0;32m  OK  [0m] Started iSCSI initiator daemon (iscsid).
         Starting Login to default iSCSI targets...
         Starting Authenticate and Authorize Users to Run Privileged Tasks...
[[0;32m  OK  [0m] Started LXD - container startup/shutdown.
[[0;32m  OK  [0m] Started Login to default iSCSI targets.
[[0;32m  OK  [0m] Reached target Remote File Systems (Pre).
[[0;32m  OK  [0m] Reached target Remote File Systems.
         Starting LSB: automatic crash report generation...
         Starting LSB: Set the CPU Frequency Scaling governor to "ondemand"...
         Starting Permit User Sessions...
         Starting LSB: daemon to balance interrupts for SMP systems...
[[0;32m  OK  [0m] Started Permit User Sessions.
         Starting Terminate Plymouth Boot Screen...
         Starting Hold until boot process finishes up...
[[0;32m  OK  [0m] Started Terminate Plymouth Boot Screen.
[[0;32m  OK  [0m] Started Hold until boot process finishes up.
[[0;32m  OK  [0m] Started Serial Getty on ttyS0.
[[0;32m  OK  [0m] Started Getty on tty1.
[[0;32m  OK  [0m] Reached target Login Prompts.
         Starting Set console scheme...
[[0;32m  OK  [0m] Started Set console scheme.
[[0;32m  OK  [0m] Started LSB: MD monitoring daemon.
[[0;32m  OK  [0m] Started Authenticate and Authorize Users to Run Privileged Tasks.
[[0;32m  OK  [0m] Started Accounts Service.
[[0;32m  OK  [0m] Started LSB: Record successful boot for GRUB.
[[0;32m  OK  [0m] Started LSB: Set the CPU Frequency Scaling governor to "ondemand".
[[0;32m  OK  [0m] Started LSB: daemon to balance interrupts for SMP systems.
[[0;32m  OK  [0m] Started LSB: automatic crash report generation.
[[0;32m  OK  [0m] Started Virtualbox guest utils.
[[0;32m  OK  [0m] Started Snappy daemon.
         Starting Wait until snapd is fully seeded...
[[0;32m  OK  [0m] Started Pollinate to seed the pseudo random number generator.
         Starting OpenBSD Secure Shell server...
[[0;32m  OK  [0m] Started OpenBSD Secure Shell server.
[[0;32m  OK  [0m] Created slice User Slice of vagrant.
         Starting User Manager for UID 1000...
[[0;32m  OK  [0m] Started Session 1 of user vagrant.
[[0;32m  OK  [0m] Started User Manager for UID 1000.

Ubuntu 16.04.6 LTS ubuntu-xenial ttyS0

ubuntu-xenial login: [   48.740935] cloud-init[1379]: Generating locales (this might take a while)...
[   54.322918] cloud-init[1379]:   en_US.UTF-8... done
[   54.359839] cloud-init[1379]: Generation complete.
[   56.298194] cloud-init[1379]: Cloud-init v. 19.1-1-gbaa47854-0ubuntu1~16.04.1 running 'modules:config' at Thu, 22 Aug 2019 16:27:10 +0000. Up 47.67 seconds.
ci-info: no authorized ssh keys fingerprints found for user ubuntu.
<14>Aug 22 16:27:22 ec2: 
<14>Aug 22 16:27:22 ec2: #############################################################
<14>Aug 22 16:27:22 ec2: -----BEGIN SSH HOST KEY FINGERPRINTS-----
<14>Aug 22 16:27:22 ec2: 1024 SHA256:X/EbDC7d10YgJYh0PQY844SM30FSFIuCTmGB8w6S0Tg root@ubuntu-xenial (DSA)
<14>Aug 22 16:27:22 ec2: 256 SHA256:h8iAokgkkxuMalSTzOS3q8OlDXt5SJOZAqhiX3T0Z+E root@ubuntu-xenial (ECDSA)
<14>Aug 22 16:27:22 ec2: 256 SHA256:rBw0b1UURFLJcAMBjtn10xgUV/fL4aeddsc8fCi7VCU root@ubuntu-xenial (ED25519)
<14>Aug 22 16:27:22 ec2: 2048 SHA256:dbq39N/TauNSACXn2YSbpOCJeDHDwtjDSVwsYELcb6k root@ubuntu-xenial (RSA)
<14>Aug 22 16:27:22 ec2: -----END SSH HOST KEY FINGERPRINTS-----
<14>Aug 22 16:27:22 ec2: #############################################################
-----BEGIN SSH HOST KEY KEYS-----
ecdsa-sha2-nistp256 AAAAE2VjZHNhLXNoYTItbmlzdHAyNTYAAAAIbmlzdHAyNTYAAABBBDGXtY/luqFrAJVfCpy7CiiWj6BvVc6vQAf+c/ansQ7qyDxaNxKfPyXDOxfXYKgSvl7lKoEBFqVzzI2Rm2S28kw= root@ubuntu-xenial
ssh-ed25519 AAAAC3NzaC1lZDI1NTE5AAAAIDejz2QmLHUdjifDKdk3zI+icmmT3BPObDkEEmBsenwx root@ubuntu-xenial
ssh-rsa AAAAB3NzaC1yc2EAAAADAQABAAABAQCs5yJ/BKRLKPGDvynHjVoNrbLB6e1eMrpZu0lVZk+RQCW2zGInQXf58rOAcD6jTZKjhqbxn3V+E9kWFKHZkjAahfsE0gD5+tYcsmBGiKxYzYo0xm1OMCFGBOhio9ac85suBWRDmoHhVAsKEONqTrind5Y5XGPl5tWw+ShHmEHJT/WW37GaLMkzwJNJEECQuvNR+ttKdbPn0dPOs0RzKbPPMB2piExFiRUrvcRvL6wt+4jF+mPxZRDSw29MqqBAWLLl56tZ6JYgQKWwmSgehWQ7aTJN1uZRnGz23PrcYisSlVzQV88D+jruWwiLWiNynye8hvREHwTSVT0ELvV7p6t9 root@ubuntu-xenial
-----END SSH HOST KEY KEYS-----
[   59.852449] cloud-init[1553]: Cloud-init v. 19.1-1-gbaa47854-0ubuntu1~16.04.1 running 'modules:final' at Thu, 22 Aug 2019 16:27:21 +0000. Up 58.21 seconds.
[   59.853480] cloud-init[1553]: ci-info: no authorized ssh keys fingerprints found for user ubuntu.
[   59.854083] cloud-init[1553]: Cloud-init v. 19.1-1-gbaa47854-0ubuntu1~16.04.1 finished at Thu, 22 Aug 2019 16:27:22 +0000. Datasource DataSourceNoCloud [seed=/dev/sdb][dsmode=net].  Up 59.74 seconds
